[codescandy.com/geeks-bootstrap-5/index.html]
[codescandy.com/geeks-bootstrap-5/assets/images/favicon/favicon.ico]
[codescandy.com/geeks-bootstrap-5/assets/fonts/feather/feather.css]
[codescandy.com/geeks-bootstrap-5/assets/libs/bootstrap-icons/font/bootstrap-icons.css]
[codescandy.com/geeks-bootstrap-5/assets/libs/dragula/dist/dragula.min.css]
[codescandy.com/geeks-bootstrap-5/assets/libs/@mdi/font/css/materialdesignicons.min.css]
[codescandy.com/geeks-bootstrap-5/assets/libs/dropzone/dist/dropzone.css]
[codescandy.com/geeks-bootstrap-5/assets/libs/magnific-popup/dist/magnific-popup.css]
[codescandy.com/geeks-bootstrap-5/assets/libs/bootstrap-select/dist/css/bootstrap-select.min.css]
[codescandy.com/geeks-bootstrap-5/assets/libs/@yaireo/tagify/dist/tagify.css]
[codescandy.com/geeks-bootstrap-5/assets/libs/tiny-slider/dist/tiny-slider.css]
[codescandy.com/geeks-bootstrap-5/assets/libs/tippy.js/dist/tippy.css]
[codescandy.com/geeks-bootstrap-5/assets/libs/datatables.net-bs5/css/dataTables.bootstrap5.min.css]
[codescandy.com/geeks-bootstrap-5/assets/libs/prismjs/themes/prism-okaidia.min.css]
[codescandy.com/geeks-bootstrap-5/assets/libs/simplebar/dist/simplebar.min.css]
[codescandy.com/geeks-bootstrap-5/assets/libs/nouislider/dist/nouislider.min.css]
[codescandy.com/geeks-bootstrap-5/assets/libs/glightbox/dist/css/glightbox.min.css]
[backblue.gif]
[fade.gif]
[index.html]
[codescandy.com/geeks-bootstrap-5/assets/css/theme.min.css]
[codescandy.com/geeks-bootstrap-5/assets/images/brand/logo/logo.svg]
[codescandy.com/geeks-bootstrap-5/assets/images/avatar/avatar-1.jpg]
[codescandy.com/geeks-bootstrap-5/assets/images/avatar/avatar-2.jpg]
[codescandy.com/geeks-bootstrap-5/assets/images/avatar/avatar-3.jpg]
[codescandy.com/geeks-bootstrap-5/assets/images/avatar/avatar-4.jpg]
[codescandy.com/geeks-bootstrap-5/pages/dashboard/notification-history.html]
[codescandy.com/geeks-bootstrap-5/pages/profile-edit.html]
[codescandy.com/geeks-bootstrap-5/pages/student-subscriptions.html]
[codescandy.com/geeks-bootstrap-5/pages/course-category.html]
[codescandy.com/geeks-bootstrap-5/pages/landings/home-academy.html]
[codescandy.com/geeks-bootstrap-5/pages/landings/landing-courses.html]
[codescandy.com/geeks-bootstrap-5/pages/landings/course-lead.html]
[codescandy.com/geeks-bootstrap-5/pages/landings/request-access.html]
[codescandy.com/geeks-bootstrap-5/pages/landings/landing-sass.html]
[codescandy.com/geeks-bootstrap-5/pages/landings/landing-job.html]
[codescandy.com/geeks-bootstrap-5/pages/course-single.html]
[codescandy.com/geeks-bootstrap-5/pages/course-single-v2.html]
[codescandy.com/geeks-bootstrap-5/pages/course-resume.html]
[codescandy.com/geeks-bootstrap-5/pages/course-checkout.html]
[codescandy.com/geeks-bootstrap-5/pages/course-filter-list.html]
[codescandy.com/geeks-bootstrap-5/pages/add-course.html]
[codescandy.com/geeks-bootstrap-5/pages/course-path.html]
[codescandy.com/geeks-bootstrap-5/pages/course-path-single.html]
[codescandy.com/geeks-bootstrap-5/pages/blog.html]
[codescandy.com/geeks-bootstrap-5/pages/blog-single.html]
[codescandy.com/geeks-bootstrap-5/pages/blog-category.html]
[codescandy.com/geeks-bootstrap-5/pages/blog-sidebar.html]
[codescandy.com/geeks-bootstrap-5/pages/career.html]
[codescandy.com/geeks-bootstrap-5/pages/career-list.html]
[codescandy.com/geeks-bootstrap-5/pages/career-single.html]
[codescandy.com/geeks-bootstrap-5/pages/portfolio.html]
[codescandy.com/geeks-bootstrap-5/pages/portfolio-single.html]
[codescandy.com/geeks-bootstrap-5/pages/jobs/job-listing.html]
[codescandy.com/geeks-bootstrap-5/pages/jobs/job-grid.html]
[codescandy.com/geeks-bootstrap-5/pages/jobs/job-single.html]
[codescandy.com/geeks-bootstrap-5/pages/jobs/company-list.html]
[codescandy.com/geeks-bootstrap-5/pages/jobs/company-about.html]
[codescandy.com/geeks-bootstrap-5/pages/coming-soon.html]
[codescandy.com/geeks-bootstrap-5/pages/404-error.html]
[codescandy.com/geeks-bootstrap-5/pages/maintenance-mode.html]
[codescandy.com/geeks-bootstrap-5/pages/terms-condition-page.html]
[codescandy.com/geeks-bootstrap-5/pages/about.html]
[codescandy.com/geeks-bootstrap-5/pages/help-center.html]
[codescandy.com/geeks-bootstrap-5/pages/help-center-faq.html]
[codescandy.com/geeks-bootstrap-5/pages/help-center-guide.html]
[codescandy.com/geeks-bootstrap-5/pages/help-center-guide-single.html]
[codescandy.com/geeks-bootstrap-5/pages/help-center-support.html]
[codescandy.com/geeks-bootstrap-5/pages/pricing.html]
[codescandy.com/geeks-bootstrap-5/pages/compare-plan.html]
[codescandy.com/geeks-bootstrap-5/pages/contact.html]
[codescandy.com/geeks-bootstrap-5/pages/dashboard-instructor.html]
[codescandy.com/geeks-bootstrap-5/pages/instructor-profile.html]
[codescandy.com/geeks-bootstrap-5/pages/instructor-courses.html]
[codescandy.com/geeks-bootstrap-5/pages/instructor-order.html]
[codescandy.com/geeks-bootstrap-5/pages/instructor-reviews.html]
[codescandy.com/geeks-bootstrap-5/pages/instructor-students.html]
[codescandy.com/geeks-bootstrap-5/pages/instructor-payouts.html]
[codescandy.com/geeks-bootstrap-5/pages/instructor-earning.html]
[codescandy.com/geeks-bootstrap-5/pages/instructor-quiz.html]
[codescandy.com/geeks-bootstrap-5/pages/instructor-quiz-details.html]
[codescandy.com/geeks-bootstrap-5/pages/instructor-quiz-result.html]
[codescandy.com/geeks-bootstrap-5/pages/dashboard-student.html]
[codescandy.com/geeks-bootstrap-5/pages/payment-method.html]
[codescandy.com/geeks-bootstrap-5/pages/billing-info.html]
[codescandy.com/geeks-bootstrap-5/pages/invoice.html]
[codescandy.com/geeks-bootstrap-5/pages/invoice-details.html]
[codescandy.com/geeks-bootstrap-5/pages/student-quiz.html]
[codescandy.com/geeks-bootstrap-5/pages/student-quiz-attempt.html]
[codescandy.com/geeks-bootstrap-5/pages/student-quiz-start.html]
[codescandy.com/geeks-bootstrap-5/pages/student-quiz-result.html]
[codescandy.com/geeks-bootstrap-5/pages/dashboard/admin-dashboard.html]
[codescandy.com/geeks-bootstrap-5/pages/sign-in.html]
[codescandy.com/geeks-bootstrap-5/pages/sign-up.html]
[codescandy.com/geeks-bootstrap-5/pages/forget-password.html]
[codescandy.com/geeks-bootstrap-5/pages/security.html]
[codescandy.com/geeks-bootstrap-5/pages/social-profile.html]
[codescandy.com/geeks-bootstrap-5/pages/notifications.html]
[codescandy.com/geeks-bootstrap-5/pages/profile-privacy.html]
[codescandy.com/geeks-bootstrap-5/pages/delete-profile.html]
[codescandy.com/geeks-bootstrap-5/pages/linked-accounts.html]
[codescandy.com/geeks-bootstrap-5/docs/index.html]
[codescandy.com/geeks-bootstrap-5/docs/changelog.html]
[codescandy.com/geeks-bootstrap-5/assets/images/hero/hero-img.png]
[codescandy.com/geeks-bootstrap-5/assets/images/course/course-react.jpg]
[codescandy.com/geeks-bootstrap-5/assets/images/course/course-graphql.jpg]
[codescandy.com/geeks-bootstrap-5/assets/images/course/course-angular.jpg]
[codescandy.com/geeks-bootstrap-5/assets/images/course/course-python.jpg]
[codescandy.com/geeks-bootstrap-5/assets/images/course/course-gatsby.jpg]
[codescandy.com/geeks-bootstrap-5/assets/images/avatar/avatar-5.jpg]
[codescandy.com/geeks-bootstrap-5/assets/images/course/course-javascript.jpg]
[codescandy.com/geeks-bootstrap-5/assets/images/avatar/avatar-6.jpg]
[codescandy.com/geeks-bootstrap-5/assets/images/course/course-css.jpg]
[codescandy.com/geeks-bootstrap-5/assets/images/avatar/avatar-7.jpg]
[codescandy.com/geeks-bootstrap-5/assets/images/course/course-wordpress.jpg]
[codescandy.com/geeks-bootstrap-5/assets/images/avatar/avatar-8.jpg]
[codescandy.com/geeks-bootstrap-5/assets/images/avatar/avatar-9.jpg]
[codescandy.com/geeks-bootstrap-5/assets/images/avatar/avatar-10.jpg]
[codescandy.com/geeks-bootstrap-5/assets/libs/jquery/dist/jquery.min.js]
[codescandy.com/geeks-bootstrap-5/assets/libs/bootstrap/dist/js/bootstrap.bundle.min.js]
[codescandy.com/geeks-bootstrap-5/assets/libs/odometer/odometer.min.js]
[codescandy.com/geeks-bootstrap-5/assets/libs/magnific-popup/dist/jquery.magnific-popup.min.js]
[codescandy.com/geeks-bootstrap-5/assets/libs/bootstrap-select/dist/js/bootstrap-select.min.js]
[codescandy.com/geeks-bootstrap-5/assets/libs/flatpickr/dist/flatpickr.min.js]
[codescandy.com/geeks-bootstrap-5/assets/libs/inputmask/dist/jquery.inputmask.min.js]
[codescandy.com/geeks-bootstrap-5/assets/libs/apexcharts/dist/apexcharts.min.js]
[codescandy.com/geeks-bootstrap-5/assets/libs/quill/dist/quill.min.js]
[codescandy.com/geeks-bootstrap-5/assets/libs/file-upload-with-preview/dist/file-upload-with-preview.iife.js]
[codescandy.com/geeks-bootstrap-5/assets/libs/dragula/dist/dragula.min.js]
[codescandy.com/geeks-bootstrap-5/assets/libs/bs-stepper/dist/js/bs-stepper.min.js]
[codescandy.com/geeks-bootstrap-5/assets/libs/dropzone/dist/min/dropzone.min.js]
[codescandy.com/geeks-bootstrap-5/assets/libs/jQuery.print/jQuery.print.js]
[codescandy.com/geeks-bootstrap-5/assets/libs/prismjs/prism.js]
[codescandy.com/geeks-bootstrap-5/assets/libs/prismjs/components/prism-scss.min.js]
[codescandy.com/geeks-bootstrap-5/assets/libs/@yaireo/tagify/dist/tagify.min.js]
[codescandy.com/geeks-bootstrap-5/assets/libs/tiny-slider/dist/min/tiny-slider.js]
[codescandy.com/geeks-bootstrap-5/assets/libs/@popperjs/core/dist/umd/popper.min.js]
[codescandy.com/geeks-bootstrap-5/assets/libs/tippy.js/dist/tippy-bundle.umd.min.js]
[codescandy.com/geeks-bootstrap-5/assets/libs/typed.js/lib/typed.min.js]
[codescandy.com/geeks-bootstrap-5/assets/libs/jsvectormap/dist/js/jsvectormap.min.js]
[codescandy.com/geeks-bootstrap-5/assets/libs/jsvectormap/dist/maps/world.js]
[codescandy.com/geeks-bootstrap-5/assets/libs/datatables.net/js/jquery.dataTables.min.js]
[codescandy.com/geeks-bootstrap-5/assets/libs/datatables.net-bs5/js/dataTables.bootstrap5.min.js]
[codescandy.com/geeks-bootstrap-5/assets/libs/datatables.net-responsive/js/dataTables.responsive.min.js]
[codescandy.com/geeks-bootstrap-5/assets/libs/datatables.net-responsive-bs5/js/responsive.bootstrap5.min.js]
[codescandy.com/geeks-bootstrap-5/assets/libs/prismjs/plugins/toolbar/prism-toolbar.min.js]
[codescandy.com/geeks-bootstrap-5/assets/libs/prismjs/plugins/copy-to-clipboard/prism-copy-to-clipboard.min.js]
[codescandy.com/geeks-bootstrap-5/assets/libs/fullcalendar/main.min.js]
[codescandy.com/geeks-bootstrap-5/assets/libs/simplebar/dist/simplebar.min.js]
[codescandy.com/geeks-bootstrap-5/assets/libs/@lottiefiles/lottie-player/dist/lottie-player.js]
[codescandy.com/geeks-bootstrap-5/assets/libs/nouislider/dist/nouislider.min.js]
[codescandy.com/geeks-bootstrap-5/assets/libs/wnumb/wNumb.min.js]
[codescandy.com/geeks-bootstrap-5/assets/libs/glightbox/dist/js/glightbox.min.js]
[cdn.jsdelivr.net/npm/moment@2.29.1/min/moment.min.js]
[codescandy.com/geeks-bootstrap-5/index.html]
[codescandy.com/geeks-bootstrap-5/assets/js/theme.min.js]
[codescandy.com/geeks-bootstrap-5/assets/fonts/feather/fonts/feather144f.ttf]
[codescandy.com/geeks-bootstrap-5/assets/fonts/feather/fonts/feather144f.woff]
[codescandy.com/geeks-bootstrap-5/assets/fonts/feather/feather.css]
[codescandy.com/geeks-bootstrap-5/assets/fonts/feather/fonts/feather144f.svg]
[codescandy.com/geeks-bootstrap-5/assets/libs/bootstrap-icons/font/fonts/bootstrap-iconse8a7.woff2]
[codescandy.com/geeks-bootstrap-5/assets/libs/bootstrap-icons/font/fonts/bootstrap-iconse8a7.woff]
[codescandy.com/geeks-bootstrap-5/assets/libs/bootstrap-icons/font/bootstrap-icons.css]
[codescandy.com/geeks-bootstrap-5/assets/libs/dragula/dist/dragula.min.css]
[codescandy.com/geeks-bootstrap-5/assets/libs/@mdi/font/fonts/materialdesignicons-webfontcb42.eot]
[codescandy.com/geeks-bootstrap-5/assets/libs/@mdi/font/fonts/materialdesignicons-webfontd41d.eot]
[codescandy.com/geeks-bootstrap-5/assets/libs/@mdi/font/fonts/materialdesignicons-webfontcb42.woff2]
[codescandy.com/geeks-bootstrap-5/assets/libs/@mdi/font/fonts/materialdesignicons-webfontcb42.woff]
[codescandy.com/geeks-bootstrap-5/assets/libs/@mdi/font/css/materialdesignicons.min.css]
[codescandy.com/geeks-bootstrap-5/assets/libs/dropzone/dist/dropzone.css]
[codescandy.com/geeks-bootstrap-5/assets/libs/magnific-popup/dist/magnific-popup.css]
[codescandy.com/geeks-bootstrap-5/assets/libs/bootstrap-select/dist/css/bootstrap-select.min.css]
[codescandy.com/geeks-bootstrap-5/assets/libs/@yaireo/tagify/dist/tagify.css]
[codescandy.com/geeks-bootstrap-5/assets/libs/tiny-slider/dist/tiny-slider.css]
[codescandy.com/geeks-bootstrap-5/assets/libs/tippy.js/dist/tippy.css]
[codescandy.com/geeks-bootstrap-5/assets/libs/datatables.net-bs5/css/dataTables.bootstrap5.min.css]
[codescandy.com/geeks-bootstrap-5/assets/libs/prismjs/themes/prism-okaidia.min.css]
[codescandy.com/geeks-bootstrap-5/assets/libs/simplebar/dist/simplebar.min.css]
[codescandy.com/geeks-bootstrap-5/assets/libs/nouislider/dist/nouislider.min.css]
[codescandy.com/geeks-bootstrap-5/assets/libs/glightbox/dist/css/glightbox.min.css]
[codescandy.com/geeks-bootstrap-5/assets/css/theme.min.css]
[codescandy.com/geeks-bootstrap-5/assets/images/brand/logo/logo.svg]
[codescandy.com/geeks-bootstrap-5/assets/images/brand/logo/logo-inverse.svg]
[codescandy.com/geeks-bootstrap-5/pages/dashboard/dashboard-analytics.html]
[codescandy.com/geeks-bootstrap-5/assets/libs/@mdi/font/fonts/materialdesignicons-webfontcb42.ttf]
[codescandy.com/geeks-bootstrap-5/pages/dashboard/admin-course-overview.html]
[codescandy.com/geeks-bootstrap-5/pages/dashboard/admin-course-category.html]
[codescandy.com/geeks-bootstrap-5/pages/dashboard/admin-course-category-single.html]
[codescandy.com/geeks-bootstrap-5/pages/dashboard/admin-instructor.html]
[codescandy.com/geeks-bootstrap-5/pages/dashboard/admin-students.html]
[codescandy.com/geeks-bootstrap-5/pages/dashboard/admin-cms-overview.html]
[codescandy.com/geeks-bootstrap-5/pages/dashboard/admin-cms-post.html]
[codescandy.com/geeks-bootstrap-5/pages/dashboard/admin-cms-post-new.html]
[codescandy.com/geeks-bootstrap-5/pages/dashboard/admin-cms-post-category.html]
[codescandy.com/geeks-bootstrap-5/pages/dashboard/project-grid.html]
[codescandy.com/geeks-bootstrap-5/pages/dashboard/project-list.html]
[codescandy.com/geeks-bootstrap-5/pages/dashboard/project-overview.html]
[codescandy.com/geeks-bootstrap-5/pages/dashboard/project-task.html]
[codescandy.com/geeks-bootstrap-5/pages/dashboard/project-budget.html]
[codescandy.com/geeks-bootstrap-5/pages/dashboard/project-team.html]
[codescandy.com/geeks-bootstrap-5/pages/dashboard/project-files.html]
[codescandy.com/geeks-bootstrap-5/pages/dashboard/project-summary.html]
[codescandy.com/geeks-bootstrap-5/pages/dashboard/add-project.html]
[codescandy.com/geeks-bootstrap-5/pages/dashboard/ecommerce/product-grid.html]
[codescandy.com/geeks-bootstrap-5/pages/dashboard/ecommerce/product-grid-with-sidebar.html]
[codescandy.com/geeks-bootstrap-5/pages/dashboard/ecommerce/products.html]
[codescandy.com/geeks-bootstrap-5/pages/dashboard/ecommerce/product-single.html]
[codescandy.com/geeks-bootstrap-5/pages/dashboard/ecommerce/product-single-v2.html]
[codescandy.com/geeks-bootstrap-5/pages/dashboard/ecommerce/add-product.html]
[codescandy.com/geeks-bootstrap-5/pages/dashboard/ecommerce/shopping-cart.html]
[codescandy.com/geeks-bootstrap-5/pages/dashboard/ecommerce/checkout.html]
[codescandy.com/geeks-bootstrap-5/pages/dashboard/ecommerce/order.html]
[codescandy.com/geeks-bootstrap-5/pages/dashboard/ecommerce/order-single.html]
[codescandy.com/geeks-bootstrap-5/pages/dashboard/ecommerce/order-history.html]
[codescandy.com/geeks-bootstrap-5/pages/dashboard/ecommerce/order-summary.html]
[codescandy.com/geeks-bootstrap-5/pages/dashboard/ecommerce/customers.html]
[codescandy.com/geeks-bootstrap-5/pages/dashboard/ecommerce/customer-single.html]
[codescandy.com/geeks-bootstrap-5/pages/dashboard/ecommerce/add-customer.html]
[codescandy.com/geeks-bootstrap-5/pages/dashboard/layouts/layout-horizontal.html]
[codescandy.com/geeks-bootstrap-5/pages/dashboard/layouts/layout-compact.html]
[codescandy.com/geeks-bootstrap-5/pages/dashboard/layouts/layout-vertical.html]
[codescandy.com/geeks-bootstrap-5/pages/dashboard/chat-app.html]
[codescandy.com/geeks-bootstrap-5/pages/dashboard/task-kanban.html]
[codescandy.com/geeks-bootstrap-5/pages/dashboard/mail.html]
[codescandy.com/geeks-bootstrap-5/pages/dashboard/calendar.html]
[codescandy.com/geeks-bootstrap-5/pages/dashboard/basic-table.html]
[codescandy.com/geeks-bootstrap-5/pages/dashboard/datatables.html]
[codescandy.com/geeks-bootstrap-5/pages/dashboard/setting-general.html]
[codescandy.com/geeks-bootstrap-5/pages/dashboard/setting-google.html]
[codescandy.com/geeks-bootstrap-5/pages/dashboard/setting-social.html]
[codescandy.com/geeks-bootstrap-5/pages/dashboard/setting-social-login.html]
[codescandy.com/geeks-bootstrap-5/pages/dashboard/setting-payment.html]
[codescandy.com/geeks-bootstrap-5/pages/dashboard/setting-smpt.html]
[codescandy.com/geeks-bootstrap-5/assets/images/background/giftbox.png]
[codescandy.com/geeks-bootstrap-5/assets/images/avatar/avatar-13.jpg]
[codescandy.com/geeks-bootstrap-5/pages/dashboard/notification-history.html]
[codescandy.com/geeks-bootstrap-5/assets/images/background/profile-bg.jpg]
[codescandy.com/geeks-bootstrap-5/pages/profile-edit.html]
[codescandy.com/geeks-bootstrap-5/pages/student-subscriptions.html]
[codescandy.com/geeks-bootstrap-5/assets/images/avatar/avatar-11.jpg]
[codescandy.com/geeks-bootstrap-5/assets/images/avatar/avatar-14.jpg]
[codescandy.com/geeks-bootstrap-5/assets/images/avatar/avatar-15.jpg]
[codescandy.com/geeks-bootstrap-5/pages/course-category.html]
[codescandy.com/geeks-bootstrap-5/assets/images/png/degree-1.png]
[codescandy.com/geeks-bootstrap-5/assets/images/png/degree-2.png]
[codescandy.com/geeks-bootstrap-5/assets/images/png/degree-3.png]
[codescandy.com/geeks-bootstrap-5/assets/images/png/degree-4.png]
[codescandy.com/geeks-bootstrap-5/assets/images/png/google.png]
[codescandy.com/geeks-bootstrap-5/assets/images/png/IBM.png]
[codescandy.com/geeks-bootstrap-5/assets/images/png/microsoft.png]
[codescandy.com/geeks-bootstrap-5/assets/images/png/tensorflow.png]
[codescandy.com/geeks-bootstrap-5/assets/images/png/meta.png]
[codescandy.com/geeks-bootstrap-5/assets/images/svg/play-btn.svg]
[codescandy.com/geeks-bootstrap-5/assets/images/background/acedamy-img/bg-thumb.svg]
[codescandy.com/geeks-bootstrap-5/assets/images/background/acedamy-img/girl-image.png]
[codescandy.com/geeks-bootstrap-5/assets/images/background/acedamy-img/frame-1.svg]
[codescandy.com/geeks-bootstrap-5/assets/images/background/acedamy-img/frame-2.svg]
[codescandy.com/geeks-bootstrap-5/assets/images/png/cta-instructor-1.png]
[codescandy.com/geeks-bootstrap-5/assets/images/background/acedamy-img/target.svg]
[codescandy.com/geeks-bootstrap-5/assets/images/background/acedamy-img/sound.svg]
[codescandy.com/geeks-bootstrap-5/assets/images/background/acedamy-img/trophy.svg]
[codescandy.com/geeks-bootstrap-5/assets/images/svg/appstore.svg]
[codescandy.com/geeks-bootstrap-5/pages/landings/home-academy.html]
[codescandy.com/geeks-bootstrap-5/assets/images/svg/playstore.svg]
[codescandy.com/geeks-bootstrap-5/assets/images/hero/hero-graphics.svg]
[codescandy.com/geeks-bootstrap-5/assets/images/brand/gray-logo-stripe.svg]
[codescandy.com/geeks-bootstrap-5/assets/images/brand/gray-logo-airbnb.svg]
[codescandy.com/geeks-bootstrap-5/assets/images/svg/graph.svg]
[codescandy.com/geeks-bootstrap-5/assets/images/svg/dollor.svg]
[codescandy.com/geeks-bootstrap-5/assets/images/brand/gray-logo-pinterest.svg]
[codescandy.com/geeks-bootstrap-5/assets/images/brand/gray-logo-discord.svg]
[codescandy.com/geeks-bootstrap-5/assets/images/brand/gray-logo-intercom.svg]
[codescandy.com/geeks-bootstrap-5/assets/images/brand/gray-logo-netflix.svg]
[codescandy.com/geeks-bootstrap-5/assets/images/instructor/instructor-img-1.jpg]
[codescandy.com/geeks-bootstrap-5/assets/images/instructor/instructor-img-2.jpg]
[codescandy.com/geeks-bootstrap-5/assets/images/instructor/instructor-img-3.jpg]
[codescandy.com/geeks-bootstrap-5/assets/images/instructor/instructor-img-4.jpg]
[codescandy.com/geeks-bootstrap-5/pages/landings/landing-courses.html]
[codescandy.com/geeks-bootstrap-5/assets/images/background/course-graphics.svg]
[codescandy.com/geeks-bootstrap-5/assets/images/pattern/dots-pattern.svg]
[codescandy.com/geeks-bootstrap-5/assets/images/svg/feature-icon-1.svg]
[codescandy.com/geeks-bootstrap-5/assets/images/svg/feature-icon-2.svg]
[codescandy.com/geeks-bootstrap-5/assets/images/svg/feature-icon-3.svg]
[codescandy.com/geeks-bootstrap-5/assets/images/svg/feature-icon-4.svg]
[codescandy.com/geeks-bootstrap-5/assets/images/instructor/instructor-img.png]
[codescandy.com/geeks-bootstrap-5/assets/images/creditcard/americanexpress.svg]
[codescandy.com/geeks-bootstrap-5/assets/images/creditcard/mastercard.svg]
[codescandy.com/geeks-bootstrap-5/assets/images/creditcard/visa.svg]
[codescandy.com/geeks-bootstrap-5/assets/images/avatar/avatar-19.jpg]
[codescandy.com/geeks-bootstrap-5/assets/images/avatar/avatar-12.jpg]
[codescandy.com/geeks-bootstrap-5/pages/landings/course-lead.html]
[codescandy.com/geeks-bootstrap-5/assets/images/background/analytics.jpg]
[codescandy.com/geeks-bootstrap-5/pages/landings/request-access.html]
[codescandy.com/geeks-bootstrap-5/assets/images/brand/gray-logo-digitalocean.svg]
[codescandy.com/geeks-bootstrap-5/assets/images/background/gradient-bg.png]
[codescandy.com/geeks-bootstrap-5/assets/images/svg/featured-img-1.svg]
[codescandy.com/geeks-bootstrap-5/assets/images/background/graphics.svg]
[codescandy.com/geeks-bootstrap-5/assets/images/brand/dropbox-logo.svg]
[codescandy.com/geeks-bootstrap-5/assets/images/brand/hubspot.svg]
[codescandy.com/geeks-bootstrap-5/assets/images/brand/google-drive.svg]
[codescandy.com/geeks-bootstrap-5/assets/images/brand/slack-logo.svg]
[codescandy.com/geeks-bootstrap-5/assets/images/brand/zapier.svg]
[codescandy.com/geeks-bootstrap-5/assets/images/svg/hubspot-logo.svg]
[codescandy.com/geeks-bootstrap-5/pages/landings/landing-sass.html]
[codescandy.com/geeks-bootstrap-5/assets/images/svg/slack-logo.svg]
[codescandy.com/geeks-bootstrap-5/assets/images/svg/featured-img-2.svg]
[codescandy.com/geeks-bootstrap-5/index-2.html]
[codescandy.com/geeks-bootstrap-5/pages/jobs/company-reviews.html]
[codescandy.com/geeks-bootstrap-5/pages/jobs/company-jobs.html]
[codescandy.com/geeks-bootstrap-5/pages/jobs/company-benefits.html]
[codescandy.com/geeks-bootstrap-5/pages/jobs/company-photos.html]
[codescandy.com/geeks-bootstrap-5/pages/jobs/post-job.html]
[codescandy.com/geeks-bootstrap-5/pages/jobs/upload-resume.html]
[codescandy.com/geeks-bootstrap-5/assets/images/job/png/job-hero-section.png]
[codescandy.com/geeks-bootstrap-5/assets/images/job/job-hero-block-1.svg]
[codescandy.com/geeks-bootstrap-5/assets/images/job/job-hero-block-3.svg]
[codescandy.com/geeks-bootstrap-5/assets/images/job/job-brand-logo/job-list-logo-1.svg]
[codescandy.com/geeks-bootstrap-5/assets/images/job/job-brand-logo/job-list-logo-2.svg]
[codescandy.com/geeks-bootstrap-5/assets/images/job/job-brand-logo/job-list-logo-3.svg]
[codescandy.com/geeks-bootstrap-5/assets/images/job/job-brand-logo/job-list-logo-4.svg]
[codescandy.com/geeks-bootstrap-5/assets/images/job/job-brand-logo/job-list-logo-5.svg]
[codescandy.com/geeks-bootstrap-5/assets/images/background/case-study-img-1.jpg]
[codescandy.com/geeks-bootstrap-5/assets/images/job/job-company-logo-a.svg]
[codescandy.com/geeks-bootstrap-5/assets/images/job/job-company-logo-g.svg]
[codescandy.com/geeks-bootstrap-5/assets/images/job/job-hero-block-2.svg]
[codescandy.com/geeks-bootstrap-5/assets/images/job/job-company-logo-l.svg]
[codescandy.com/geeks-bootstrap-5/pages/landings/landing-job.html]
[codescandy.com/geeks-bootstrap-5/assets/images/job/job-company-logo-p.svg]
[codescandy.com/geeks-bootstrap-5/pages/course-single.html]
[codescandy.com/geeks-bootstrap-5/pages/course-single-v2.html]
[codescandy.com/geeks-bootstrap-5/pages/course-resume.html]
[codescandy.com/geeks-bootstrap-5/pages/course-checkout.html]
[codescandy.com/geeks-bootstrap-5/assets/images/svg/checked-mark.svg]
[codescandy.com/geeks-bootstrap-5/assets/images/course/course-node.jpg]
[codescandy.com/geeks-bootstrap-5/assets/images/course/course-vue.jpg]
[codescandy.com/geeks-bootstrap-5/assets/images/course/course-bootstrap.jpg]
[codescandy.com/geeks-bootstrap-5/pages/course-filter-list.html]
[codescandy.com/geeks-bootstrap-5/pages/add-course.html]
[codescandy.com/geeks-bootstrap-5/assets/images/path/path-bootstrap.jpg]
[codescandy.com/geeks-bootstrap-5/assets/images/path/path-javascript.jpg]
[codescandy.com/geeks-bootstrap-5/assets/images/path/path-angular.jpg]
[codescandy.com/geeks-bootstrap-5/assets/images/path/path-css.jpg]
[codescandy.com/geeks-bootstrap-5/assets/images/path/path-gatsby.jpg]
[codescandy.com/geeks-bootstrap-5/assets/images/path/path-react.jpg]
[codescandy.com/geeks-bootstrap-5/assets/images/path/path-graphql.jpg]
[codescandy.com/geeks-bootstrap-5/assets/images/path/path-vue-js.jpg]
[codescandy.com/geeks-bootstrap-5/assets/images/path/path-nodejs.jpg]
[codescandy.com/geeks-bootstrap-5/assets/images/path/path-python.jpg]
[codescandy.com/geeks-bootstrap-5/assets/images/path/path-grunt.jpg]
[codescandy.com/geeks-bootstrap-5/assets/images/path/path-sass.jpg]
[codescandy.com/geeks-bootstrap-5/assets/images/path/path-html.jpg]
[codescandy.com/geeks-bootstrap-5/assets/images/path/path-sketch.jpg]
[codescandy.com/geeks-bootstrap-5/assets/images/path/path-invision.jpg]
[codescandy.com/geeks-bootstrap-5/assets/images/path/path-invision-studio.jpg]
[codescandy.com/geeks-bootstrap-5/assets/images/path/path-figma-log.jpg]
[codescandy.com/geeks-bootstrap-5/assets/images/path/path-adobe-xd.jpg]
[codescandy.com/geeks-bootstrap-5/assets/images/path/path-illustrator.jpg]
[codescandy.com/geeks-bootstrap-5/pages/course-path.html]
[codescandy.com/geeks-bootstrap-5/assets/images/blog/blogpost-1.jpg]
[codescandy.com/geeks-bootstrap-5/pages/course-path-single.html]
[codescandy.com/geeks-bootstrap-5/assets/images/blog/blogpost-2.jpg]
[codescandy.com/geeks-bootstrap-5/assets/images/blog/blogpost-3.jpg]
[codescandy.com/geeks-bootstrap-5/assets/images/blog/blogpost-4.jpg]
[codescandy.com/geeks-bootstrap-5/assets/images/blog/blogpost-5.jpg]
[codescandy.com/geeks-bootstrap-5/assets/images/blog/blogpost-6.jpg]
[codescandy.com/geeks-bootstrap-5/pages/blog.html]
[codescandy.com/geeks-bootstrap-5/assets/images/blog/center-img.jpg]
[codescandy.com/geeks-bootstrap-5/assets/images/blog/left-img.jpg]
[codescandy.com/geeks-bootstrap-5/assets/images/blog/right-img.jpg]
[codescandy.com/geeks-bootstrap-5/pages/blog-single.html]
[codescandy.com/geeks-bootstrap-5/pages/blog-category.html]
[codescandy.com/geeks-bootstrap-5/pages/blog-sidebar.html]
[codescandy.com/geeks-bootstrap-5/assets/images/career/employee-pic.jpg]
[codescandy.com/geeks-bootstrap-5/pages/career.html]
[codescandy.com/geeks-bootstrap-5/pages/career-list.html]
[codescandy.com/geeks-bootstrap-5/pages/career-single.html]
[codescandy.com/geeks-bootstrap-5/assets/images/portfolio/portfolio-large-1.jpg]
[codescandy.com/geeks-bootstrap-5/assets/images/portfolio/portfolio-square-1.jpg]
[codescandy.com/geeks-bootstrap-5/assets/images/portfolio/portfolio-large-2.jpg]
[codescandy.com/geeks-bootstrap-5/assets/images/portfolio/portfolio-square-2.jpg]
[codescandy.com/geeks-bootstrap-5/assets/images/portfolio/portfolio-large-3.jpg]
[codescandy.com/geeks-bootstrap-5/assets/images/portfolio/portfolio-square-3.jpg]
[codescandy.com/geeks-bootstrap-5/pages/portfolio.html]
[codescandy.com/geeks-bootstrap-5/assets/images/portfolio/portfolio-single-1.jpg]
[codescandy.com/geeks-bootstrap-5/assets/images/portfolio/portfolio-single-2.jpg]
[codescandy.com/geeks-bootstrap-5/assets/images/portfolio/portfolio-single-3.jpg]
[codescandy.com/geeks-bootstrap-5/assets/images/portfolio/portfolio-single-4.jpg]
[codescandy.com/geeks-bootstrap-5/pages/portfolio-single.html]
[codescandy.com/geeks-bootstrap-5/pages/jobs/job-listing.html]
[codescandy.com/geeks-bootstrap-5/pages/jobs/job-grid.html]
[codescandy.com/geeks-bootstrap-5/pages/jobs/job-single.html]
[codescandy.com/geeks-bootstrap-5/pages/jobs/company-list.html]
[codescandy.com/geeks-bootstrap-5/assets/images/background/company-bg.jpg]
[codescandy.com/geeks-bootstrap-5/assets/images/job/png/job-logo.png]
[codescandy.com/geeks-bootstrap-5/pages/jobs/company-about.html]
[codescandy.com/geeks-bootstrap-5/pages/coming-soon.html]
[codescandy.com/geeks-bootstrap-5/assets/images/background/comingsoon.svg]
[codescandy.com/geeks-bootstrap-5/pages/404-error.html]
[codescandy.com/geeks-bootstrap-5/assets/images/error/404-error-img.svg]
[codescandy.com/geeks-bootstrap-5/pages/maintenance-mode.html]
[codescandy.com/geeks-bootstrap-5/pages/terms-condition-page.html]
[codescandy.com/geeks-bootstrap-5/assets/images/background/maintenance-mode.svg]
[codescandy.com/geeks-bootstrap-5/assets/images/about/geeksui-img-1.jpg]
[codescandy.com/geeks-bootstrap-5/assets/images/about/geeksui-img-2.jpg]
[codescandy.com/geeks-bootstrap-5/assets/images/about/geeksui-img-3.jpg]
[codescandy.com/geeks-bootstrap-5/assets/images/about/geeksui-img-4.jpg]
[codescandy.com/geeks-bootstrap-5/assets/images/about/geeksui-img-5.jpg]
[codescandy.com/geeks-bootstrap-5/assets/images/about/geeksui-img-6.jpg]
[codescandy.com/geeks-bootstrap-5/pages/about.html]
[codescandy.com/geeks-bootstrap-5/pages/help-center.html]
[codescandy.com/geeks-bootstrap-5/pages/help-center-faq.html]
[codescandy.com/geeks-bootstrap-5/pages/help-center-guide.html]
[codescandy.com/geeks-bootstrap-5/assets/images/background/help-center-img.jpg]
[codescandy.com/geeks-bootstrap-5/pages/help-center-guide-single.html]
[codescandy.com/geeks-bootstrap-5/pages/help-center-support.html]
[codescandy.com/geeks-bootstrap-5/assets/images/svg/price-icon-1.svg]
[codescandy.com/geeks-bootstrap-5/assets/images/svg/price-icon-2.svg]
[codescandy.com/geeks-bootstrap-5/assets/images/svg/price-icon-3.svg]
[codescandy.com/geeks-bootstrap-5/assets/images/brand/paypal.svg]
[codescandy.com/geeks-bootstrap-5/assets/images/brand/netflix.svg]
[codescandy.com/geeks-bootstrap-5/assets/images/brand/xbox.svg]
[codescandy.com/geeks-bootstrap-5/assets/images/brand/instagram.svg]
[codescandy.com/geeks-bootstrap-5/assets/images/brand/pinterest.svg]
[codescandy.com/geeks-bootstrap-5/pages/pricing.html]
[codescandy.com/geeks-bootstrap-5/pages/compare-plan.html]
[codescandy.com/geeks-bootstrap-5/pages/contact.html]
[codescandy.com/geeks-bootstrap-5/assets/images/brand/stripe.svg]
[codescandy.com/geeks-bootstrap-5/assets/images/course/course-laravel.jpg]
[codescandy.com/geeks-bootstrap-5/assets/images/course/course-sass.jpg]
[codescandy.com/geeks-bootstrap-5/pages/dashboard-instructor.html]
[codescandy.com/geeks-bootstrap-5/pages/instructor-profile.html]
[codescandy.com/geeks-bootstrap-5/pages/instructor-courses.html]
[codescandy.com/geeks-bootstrap-5/pages/instructor-order.html]
[codescandy.com/geeks-bootstrap-5/pages/instructor-reviews.html]
[codescandy.com/geeks-bootstrap-5/pages/instructor-students.html]
[codescandy.com/geeks-bootstrap-5/assets/images/brand/paypal-small.svg]
[codescandy.com/geeks-bootstrap-5/pages/instructor-payouts.html]
[codescandy.com/geeks-bootstrap-5/pages/instructor-earning.html]
[codescandy.com/geeks-bootstrap-5/assets/images/brand/payoneer.svg]
[codescandy.com/geeks-bootstrap-5/assets/images/course/course-html.jpg]
[codescandy.com/geeks-bootstrap-5/pages/instructor-quiz.html]
[codescandy.com/geeks-bootstrap-5/pages/instructor-quiz-details.html]
[codescandy.com/geeks-bootstrap-5/pages/instructor-quiz-result.html]
[codescandy.com/geeks-bootstrap-5/pages/dashboard-student.html]
[codescandy.com/geeks-bootstrap-5/assets/images/svg/path-img.svg]
[codescandy.com/geeks-bootstrap-5/assets/images/creditcard/discover.svg]
[codescandy.com/geeks-bootstrap-5/pages/payment-method.html]
[codescandy.com/geeks-bootstrap-5/pages/billing-info.html]
[codescandy.com/geeks-bootstrap-5/assets/images/creditcard/paypal.svg]
[codescandy.com/geeks-bootstrap-5/assets/images/pdf/invoiceFile.pdf]
[codescandy.com/geeks-bootstrap-5/pages/invoice.html]
[codescandy.com/geeks-bootstrap-5/pages/invoice-details.html]
[codescandy.com/geeks-bootstrap-5/assets/images/brand/logo/logo-icon.svg]
[codescandy.com/geeks-bootstrap-5/pages/student-quiz.html]
[codescandy.com/geeks-bootstrap-5/pages/student-quiz-attempt.html]
[codescandy.com/geeks-bootstrap-5/pages/student-quiz-start.html]
[codescandy.com/geeks-bootstrap-5/pages/student-quiz-result.html]
[codescandy.com/geeks-bootstrap-5/pages/dashboard/admin-dashboard.html]
[codescandy.com/geeks-bootstrap-5/pages/sign-in.html]
[codescandy.com/geeks-bootstrap-5/pages/sign-up.html]
[codescandy.com/geeks-bootstrap-5/pages/forget-password.html]
[codescandy.com/geeks-bootstrap-5/pages/security.html]
[codescandy.com/geeks-bootstrap-5/pages/social-profile.html]
[codescandy.com/geeks-bootstrap-5/pages/notifications.html]
[codescandy.com/geeks-bootstrap-5/pages/profile-privacy.html]
[codescandy.com/geeks-bootstrap-5/pages/delete-profile.html]
[codescandy.com/geeks-bootstrap-5/pages/linked-accounts.html]
[codescandy.com/geeks-bootstrap-5/assets/images/svg/survey-img.svg]
[codescandy.com/geeks-bootstrap-5/docs/environment-setup.html]
[codescandy.com/geeks-bootstrap-5/docs/working-with-gulp.html]
[codescandy.com/geeks-bootstrap-5/docs/compiled-files.html]
[codescandy.com/geeks-bootstrap-5/docs/file-structure.html]
[codescandy.com/geeks-bootstrap-5/docs/resources-assets.html]
[codescandy.com/geeks-bootstrap-5/docs/typography.html]
[codescandy.com/geeks-bootstrap-5/docs/colors.html]
[codescandy.com/geeks-bootstrap-5/docs/shadows.html]
[codescandy.com/geeks-bootstrap-5/docs/icons.html]
[codescandy.com/geeks-bootstrap-5/docs/accordions.html]
[codescandy.com/geeks-bootstrap-5/docs/alerts.html]
[codescandy.com/geeks-bootstrap-5/docs/avatar.html]
[codescandy.com/geeks-bootstrap-5/docs/badge.html]
[codescandy.com/geeks-bootstrap-5/docs/breadcrumb.html]
[codescandy.com/geeks-bootstrap-5/docs/buttons.html]
[codescandy.com/geeks-bootstrap-5/docs/button-group.html]
[codescandy.com/geeks-bootstrap-5/docs/card.html]
[codescandy.com/geeks-bootstrap-5/assets/images/svg/3d-girl-seeting.svg]
[codescandy.com/geeks-bootstrap-5/docs/carousel.html]
[codescandy.com/geeks-bootstrap-5/docs/close-button.html]
[codescandy.com/geeks-bootstrap-5/docs/collapse.html]
[codescandy.com/geeks-bootstrap-5/docs/dropdowns.html]
[codescandy.com/geeks-bootstrap-5/docs/images.html]
[codescandy.com/geeks-bootstrap-5/docs/list-group.html]
[codescandy.com/geeks-bootstrap-5/docs/modal.html]
[codescandy.com/geeks-bootstrap-5/docs/navs-tabs.html]
[codescandy.com/geeks-bootstrap-5/docs/navbar.html]
[codescandy.com/geeks-bootstrap-5/docs/offcanvas.html]
[codescandy.com/geeks-bootstrap-5/docs/pagination.html]
[codescandy.com/geeks-bootstrap-5/docs/placeholders.html]
[codescandy.com/geeks-bootstrap-5/docs/popovers.html]
[codescandy.com/geeks-bootstrap-5/docs/progress.html]
[codescandy.com/geeks-bootstrap-5/docs/scrollspy.html]
[codescandy.com/geeks-bootstrap-5/docs/spinners.html]
[codescandy.com/geeks-bootstrap-5/docs/tables.html]
[codescandy.com/geeks-bootstrap-5/docs/toasts.html]
[codescandy.com/geeks-bootstrap-5/docs/tooltips.html]
[codescandy.com/geeks-bootstrap-5/docs/forms.html]
[codescandy.com/geeks-bootstrap-5/docs/advance-forms.html]
[codescandy.com/geeks-bootstrap-5/docs/bootstrap-select.html]
[codescandy.com/geeks-bootstrap-5/docs/dropzone.html]
[codescandy.com/geeks-bootstrap-5/docs/flatpickr.html]
[codescandy.com/geeks-bootstrap-5/docs/input-group.html]
[codescandy.com/geeks-bootstrap-5/docs/inputmask.html]
[codescandy.com/geeks-bootstrap-5/docs/quill-editor.html]
[codescandy.com/geeks-bootstrap-5/docs/tagify.html]
[codescandy.com/geeks-bootstrap-5/docs/accordions-snippet.html]
[codescandy.com/geeks-bootstrap-5/docs/card-snippet.html]
[codescandy.com/geeks-bootstrap-5/docs/chart.html]
[codescandy.com/geeks-bootstrap-5/docs/client-snippet.html]
[codescandy.com/geeks-bootstrap-5/docs/cta-snippet.html]
[codescandy.com/geeks-bootstrap-5/docs/features-snippet.html]
[codescandy.com/geeks-bootstrap-5/docs/hero-snippet.html]
[codescandy.com/geeks-bootstrap-5/docs/image-snippet.html]
[codescandy.com/geeks-bootstrap-5/docs/intigration-snippet.html]
[codescandy.com/geeks-bootstrap-5/docs/pricing.html]
[codescandy.com/geeks-bootstrap-5/docs/reviews.html]
[codescandy.com/geeks-bootstrap-5/docs/slider-snippet.html]
[codescandy.com/geeks-bootstrap-5/docs/stats.html]
[codescandy.com/geeks-bootstrap-5/docs/tables-snippet.html]
[codescandy.com/geeks-bootstrap-5/docs/team-snippet.html]
[codescandy.com/geeks-bootstrap-5/docs/testimonials-snippet.html]
[codescandy.com/geeks-bootstrap-5/docs/user-profile.html]
[codescandy.com/geeks-bootstrap-5/docs/background.html]
[codescandy.com/geeks-bootstrap-5/docs/borders.html]
[codescandy.com/geeks-bootstrap-5/docs/colored-links.html]
[codescandy.com/geeks-bootstrap-5/docs/opacity.html]
[codescandy.com/geeks-bootstrap-5/docs/ratio.html]
[codescandy.com/geeks-bootstrap-5/docs/stacks.html]
[codescandy.com/geeks-bootstrap-5/docs/text-color.html]
[codescandy.com/geeks-bootstrap-5/docs/text.html]
[codescandy.com/geeks-bootstrap-5/docs/text-truncation.html]
[codescandy.com/geeks-bootstrap-5/docs/vertical-rule.html]
[codescandy.com/geeks-bootstrap-5/assets/images/path/path-gulp.jpg]
[codescandy.com/geeks-bootstrap-5/docs/index.html]
[codescandy.com/geeks-bootstrap-5/docs/changelog.html]
[codescandy.com/geeks-bootstrap-5/assets/fonts/feather/fonts/feather144f.svg]
[codescandy.com/geeks-bootstrap-5/assets/images/brand/logo/logo-inverse.svg]
[codescandy.com/geeks-bootstrap-5/assets/images/browser-svg/chrome.svg]
[codescandy.com/geeks-bootstrap-5/assets/images/browser-svg/firefox.svg]
[codescandy.com/geeks-bootstrap-5/assets/images/browser-svg/brave.svg]
[codescandy.com/geeks-bootstrap-5/assets/images/browser-svg/safari.svg]
[codescandy.com/geeks-bootstrap-5/assets/images/browser-svg/ie.svg]
[codescandy.com/geeks-bootstrap-5/pages/dashboard/dashboard-analytics.html]
[codescandy.com/geeks-bootstrap-5/pages/dashboard/admin-course-overview.html]
[codescandy.com/geeks-bootstrap-5/pages/dashboard/admin-course-category.html]
[codescandy.com/geeks-bootstrap-5/pages/dashboard/admin-course-category-single.html]
[codescandy.com/geeks-bootstrap-5/assets/images/browser-svg/opera.svg]
[codescandy.com/geeks-bootstrap-5/assets/images/avatar/avatar-16.jpg]
[codescandy.com/geeks-bootstrap-5/assets/images/avatar/avatar-17.jpg]
[codescandy.com/geeks-bootstrap-5/assets/images/avatar/avatar-18.jpg]
[codescandy.com/geeks-bootstrap-5/pages/dashboard/admin-instructor.html]
[codescandy.com/geeks-bootstrap-5/pages/dashboard/admin-students.html]
[codescandy.com/geeks-bootstrap-5/pages/dashboard/admin-cms-overview.html]
[codescandy.com/geeks-bootstrap-5/pages/dashboard/admin-cms-post.html]
[codescandy.com/geeks-bootstrap-5/pages/dashboard/admin-cms-post-new.html]
[codescandy.com/geeks-bootstrap-5/pages/dashboard/admin-cms-post-category.html]
[codescandy.com/geeks-bootstrap-5/assets/images/background/project-cover-img.jpg]
[codescandy.com/geeks-bootstrap-5/pages/dashboard/project-grid.html]
[codescandy.com/geeks-bootstrap-5/pages/dashboard/project-list.html]
[codescandy.com/geeks-bootstrap-5/pages/dashboard/project-overview.html]
[codescandy.com/geeks-bootstrap-5/pages/dashboard/project-task.html]
[codescandy.com/geeks-bootstrap-5/pages/dashboard/project-budget.html]
[codescandy.com/geeks-bootstrap-5/pages/dashboard/project-team.html]
[codescandy.com/geeks-bootstrap-5/pages/dashboard/project-files.html]
[codescandy.com/geeks-bootstrap-5/pages/dashboard/project-summary.html]
[codescandy.com/geeks-bootstrap-5/pages/dashboard/add-project.html]
[codescandy.com/geeks-bootstrap-5/pages/dashboard/ecommerce/admin-dashboard.html]
[codescandy.com/geeks-bootstrap-5/assets/images/ecommerce/product-shoe-01.jpg]
[codescandy.com/geeks-bootstrap-5/assets/images/ecommerce/product-shoe-02.jpg]
[codescandy.com/geeks-bootstrap-5/assets/images/ecommerce/product-shoe-03.jpg]
[codescandy.com/geeks-bootstrap-5/assets/images/ecommerce/product-shoe-04.jpg]
[codescandy.com/geeks-bootstrap-5/assets/images/ecommerce/product-shoe-05.jpg]
[codescandy.com/geeks-bootstrap-5/assets/images/ecommerce/product-shoe-06.jpg]
[codescandy.com/geeks-bootstrap-5/assets/images/ecommerce/product-shoe-07.jpg]
[codescandy.com/geeks-bootstrap-5/assets/images/ecommerce/product-shoe-08.jpg]
[codescandy.com/geeks-bootstrap-5/pages/dashboard/ecommerce/product-grid.html]
[codescandy.com/geeks-bootstrap-5/pages/dashboard/ecommerce/product-grid-with-sidebar.html]
[codescandy.com/geeks-bootstrap-5/assets/images/ecommerce/ecommerce-img-1.jpg]
[codescandy.com/geeks-bootstrap-5/assets/images/ecommerce/ecommerce-img-2.jpg]
[codescandy.com/geeks-bootstrap-5/assets/images/ecommerce/ecommerce-img-3.jpg]
[codescandy.com/geeks-bootstrap-5/assets/images/ecommerce/ecommerce-img-4.jpg]
[codescandy.com/geeks-bootstrap-5/assets/images/ecommerce/ecommerce-img-5.jpg]
[codescandy.com/geeks-bootstrap-5/assets/images/ecommerce/ecommerce-img-6.jpg]
[codescandy.com/geeks-bootstrap-5/assets/images/ecommerce/ecommerce-img-7.jpg]
[codescandy.com/geeks-bootstrap-5/assets/images/ecommerce/ecommerce-img-8.jpg]
[codescandy.com/geeks-bootstrap-5/assets/images/ecommerce/ecommerce-img-9.jpg]
[codescandy.com/geeks-bootstrap-5/pages/dashboard/ecommerce/products.html]
[codescandy.com/geeks-bootstrap-5/assets/images/ecommerce/product-slide-1.jpg]
[codescandy.com/geeks-bootstrap-5/assets/images/ecommerce/product-slide-2.jpg]
[codescandy.com/geeks-bootstrap-5/assets/images/ecommerce/product-slide-3.jpg]
[codescandy.com/geeks-bootstrap-5/assets/images/ecommerce/product-slide-4.jpg]
[codescandy.com/geeks-bootstrap-5/assets/images/ecommerce/product-slide-5.jpg]
[codescandy.com/geeks-bootstrap-5/pages/dashboard/ecommerce/product-single.html]
[codescandy.com/geeks-bootstrap-5/pages/dashboard/ecommerce/product-single-v2.html]
[codescandy.com/geeks-bootstrap-5/pages/dashboard/ecommerce/add-product.html]
[codescandy.com/geeks-bootstrap-5/pages/dashboard/ecommerce/shopping-cart.html]
[codescandy.com/geeks-bootstrap-5/assets/images/svg/payment-logo-fedex.svg]
[codescandy.com/geeks-bootstrap-5/pages/dashboard/ecommerce/checkout.html]
[codescandy.com/geeks-bootstrap-5/pages/dashboard/ecommerce/order.html]
[codescandy.com/geeks-bootstrap-5/pages/dashboard/ecommerce/order-single.html]
[codescandy.com/geeks-bootstrap-5/pages/dashboard/ecommerce/order-history.html]
[codescandy.com/geeks-bootstrap-5/pages/dashboard/ecommerce/order-summary.html]
[codescandy.com/geeks-bootstrap-5/pages/dashboard/ecommerce/customers.html]
[codescandy.com/geeks-bootstrap-5/pages/dashboard/ecommerce/customer-single.html]
[codescandy.com/geeks-bootstrap-5/pages/dashboard/ecommerce/add-customer.html]
[codescandy.com/geeks-bootstrap-5/pages/dashboard/layouts/layout-horizontal.html]
[codescandy.com/geeks-bootstrap-5/pages/dashboard/layouts/layout-compact.html]
[codescandy.com/geeks-bootstrap-5/pages/dashboard/layouts/layout-vertical.html]
[codescandy.com/geeks-bootstrap-5/assets/images/svg/payment-logo-dhl.svg]
[codescandy.com/geeks-bootstrap-5/assets/images/png/dot-move.png]
[codescandy.com/geeks-bootstrap-5/assets/images/avatar/avatar-21.jpg]
[codescandy.com/geeks-bootstrap-5/pages/dashboard/chat-app.html]
[codescandy.com/geeks-bootstrap-5/pages/dashboard/task-kanban.html]
[codescandy.com/geeks-bootstrap-5/pages/dashboard/mail-draft.html]
[codescandy.com/geeks-bootstrap-5/pages/dashboard/mail.html]
[codescandy.com/geeks-bootstrap-5/pages/dashboard/calendar.html]
[codescandy.com/geeks-bootstrap-5/pages/dashboard/mail-details.html]
[codescandy.com/geeks-bootstrap-5/assets/images/brand/github-logo.svg]
[codescandy.com/geeks-bootstrap-5/pages/dashboard/basic-table.html]
[codescandy.com/geeks-bootstrap-5/pages/dashboard/datatables.html]
[codescandy.com/geeks-bootstrap-5/pages/dashboard/setting-general.html]
[codescandy.com/geeks-bootstrap-5/pages/dashboard/setting-google.html]
[codescandy.com/geeks-bootstrap-5/pages/dashboard/setting-social.html]
[codescandy.com/geeks-bootstrap-5/pages/dashboard/setting-social-login.html]
[codescandy.com/geeks-bootstrap-5/pages/dashboard/setting-payment.html]
[codescandy.com/geeks-bootstrap-5/pages/dashboard/setting-smpt.html]
[codescandy.com/geeks-bootstrap-5/assets/images/svg/play-btn.svg]
[codescandy.com/geeks-bootstrap-5/assets/images/background/acedamy-img/bg-thumb.svg]
[codescandy.com/geeks-bootstrap-5/assets/images/background/acedamy-img/frame-1.svg]
[codescandy.com/geeks-bootstrap-5/assets/images/background/acedamy-img/frame-2.svg]
[codescandy.com/geeks-bootstrap-5/assets/images/background/acedamy-img/target.svg]
[codescandy.com/geeks-bootstrap-5/assets/images/background/acedamy-img/sound.svg]
[codescandy.com/geeks-bootstrap-5/assets/images/background/acedamy-img/trophy.svg]
[codescandy.com/geeks-bootstrap-5/assets/images/brand/3dsmax-logo.svg]
[codescandy.com/geeks-bootstrap-5/assets/images/svg/dollor.svg]
[codescandy.com/geeks-bootstrap-5/assets/images/svg/graph.svg]
[codescandy.com/geeks-bootstrap-5/assets/images/svg/appstore.svg]
[codescandy.com/geeks-bootstrap-5/assets/images/svg/playstore.svg]
[codescandy.com/geeks-bootstrap-5/assets/images/hero/hero-graphics.svg]
[codescandy.com/geeks-bootstrap-5/assets/images/brand/gray-logo-stripe.svg]
[codescandy.com/geeks-bootstrap-5/assets/images/brand/gray-logo-airbnb.svg]
[codescandy.com/geeks-bootstrap-5/assets/images/brand/gray-logo-pinterest.svg]
[codescandy.com/geeks-bootstrap-5/assets/images/brand/gray-logo-discord.svg]
[codescandy.com/geeks-bootstrap-5/assets/images/brand/gray-logo-intercom.svg]
[codescandy.com/geeks-bootstrap-5/assets/images/brand/gray-logo-netflix.svg]
[codescandy.com/geeks-bootstrap-5/assets/images/background/course-graphics.svg]
[codescandy.com/geeks-bootstrap-5/assets/images/pattern/dots-pattern.svg]
[codescandy.com/geeks-bootstrap-5/assets/images/svg/feature-icon-1.svg]
[codescandy.com/geeks-bootstrap-5/assets/images/svg/feature-icon-2.svg]
[codescandy.com/geeks-bootstrap-5/assets/images/svg/feature-icon-3.svg]
[codescandy.com/geeks-bootstrap-5/assets/images/svg/feature-icon-4.svg]
[codescandy.com/geeks-bootstrap-5/assets/images/creditcard/americanexpress.svg]
[codescandy.com/geeks-bootstrap-5/assets/images/creditcard/mastercard.svg]
[codescandy.com/geeks-bootstrap-5/assets/images/creditcard/visa.svg]
[codescandy.com/geeks-bootstrap-5/assets/images/brand/gray-logo-digitalocean.svg]
[codescandy.com/geeks-bootstrap-5/assets/images/background/graphics.svg]
[codescandy.com/geeks-bootstrap-5/assets/images/svg/featured-img-1.svg]
[codescandy.com/geeks-bootstrap-5/assets/images/svg/featured-img-2.svg]
[codescandy.com/geeks-bootstrap-5/assets/images/brand/dropbox-logo.svg]
[codescandy.com/geeks-bootstrap-5/assets/images/brand/hubspot.svg]
[codescandy.com/geeks-bootstrap-5/assets/images/brand/google-drive.svg]
[codescandy.com/geeks-bootstrap-5/assets/images/brand/slack-logo.svg]
[codescandy.com/geeks-bootstrap-5/assets/images/brand/zapier.svg]
[codescandy.com/geeks-bootstrap-5/assets/images/svg/hubspot-logo.svg]
[codescandy.com/geeks-bootstrap-5/assets/images/svg/slack-logo.svg]
[codescandy.com/geeks-bootstrap-5/index-2.html]
[codescandy.com/geeks-bootstrap-5/pages/jobs/company-reviews.html]
[codescandy.com/geeks-bootstrap-5/pages/jobs/company-jobs.html]
[codescandy.com/geeks-bootstrap-5/assets/images/job/job-graphics.svg]
[codescandy.com/geeks-bootstrap-5/assets/images/job/job-training.svg]
[codescandy.com/geeks-bootstrap-5/assets/images/job/health-insurance.svg]
[codescandy.com/geeks-bootstrap-5/assets/images/job/skill-training.svg]
[codescandy.com/geeks-bootstrap-5/assets/images/job/cafeteria.svg]
[codescandy.com/geeks-bootstrap-5/assets/images/job/team-outings.svg]
[codescandy.com/geeks-bootstrap-5/assets/images/job/work-from-home.svg]
[codescandy.com/geeks-bootstrap-5/assets/images/job/free-transport.svg]
[codescandy.com/geeks-bootstrap-5/assets/images/job/education-assistance.svg]
[codescandy.com/geeks-bootstrap-5/assets/images/job/child-care.svg]
[codescandy.com/geeks-bootstrap-5/assets/images/job/gymnasiums.svg]
[codescandy.com/geeks-bootstrap-5/assets/images/job/free-food.svg]
[codescandy.com/geeks-bootstrap-5/pages/jobs/company-benefits.html]
[codescandy.com/geeks-bootstrap-5/assets/images/job/international-relocation.svg]
[codescandy.com/geeks-bootstrap-5/pages/jobs/company-photos.html active]
[codescandy.com/geeks-bootstrap-5/assets/images/job/jpg/job-gallery-img-1.jpg]
[codescandy.com/geeks-bootstrap-5/assets/images/job/jpg/job-gallery-img-2.jpg]
[codescandy.com/geeks-bootstrap-5/assets/images/job/jpg/job-gallery-img-3.jpg]
[codescandy.com/geeks-bootstrap-5/assets/images/job/jpg/job-gallery-img-4.jpg]
[codescandy.com/geeks-bootstrap-5/assets/images/job/jpg/job-gallery-img-5.jpg]
[codescandy.com/geeks-bootstrap-5/assets/images/job/jpg/job-gallery-img-6.jpg]
[codescandy.com/geeks-bootstrap-5/assets/images/job/jpg/job-gallery-img-7.jpg]
[codescandy.com/geeks-bootstrap-5/assets/images/job/jpg/job-gallery-img-8.jpg]
[codescandy.com/geeks-bootstrap-5/pages/jobs/company-photos.html]
[codescandy.com/geeks-bootstrap-5/pages/jobs/post-job.html]
[codescandy.com/geeks-bootstrap-5/pages/jobs/upload-resume.html]
[codescandy.com/geeks-bootstrap-5/assets/images/job/job-hero-block-1.svg]
[codescandy.com/geeks-bootstrap-5/assets/images/job/job-hero-block-2.svg]
[codescandy.com/geeks-bootstrap-5/assets/images/job/job-hero-block-3.svg]
[codescandy.com/geeks-bootstrap-5/assets/images/job/job-brand-logo/job-list-logo-1.svg]
[codescandy.com/geeks-bootstrap-5/assets/images/job/job-brand-logo/job-list-logo-2.svg]
[codescandy.com/geeks-bootstrap-5/assets/images/job/job-brand-logo/job-list-logo-3.svg]
[codescandy.com/geeks-bootstrap-5/assets/images/job/job-brand-logo/job-list-logo-4.svg]
[codescandy.com/geeks-bootstrap-5/assets/images/job/job-brand-logo/job-list-logo-5.svg]
[codescandy.com/geeks-bootstrap-5/assets/images/job/job-company-logo-a.svg]
[codescandy.com/geeks-bootstrap-5/assets/images/job/job-company-logo-g.svg]
[codescandy.com/geeks-bootstrap-5/assets/images/job/job-company-logo-l.svg]
[codescandy.com/geeks-bootstrap-5/assets/images/job/job-company-logo-p.svg]
[codescandy.com/geeks-bootstrap-5/assets/images/svg/checked-mark.svg]
[codescandy.com/geeks-bootstrap-5/assets/images/background/comingsoon.svg]
[codescandy.com/geeks-bootstrap-5/assets/images/error/404-error-img.svg]
[codescandy.com/geeks-bootstrap-5/assets/images/background/maintenance-mode.svg]
[codescandy.com/geeks-bootstrap-5/assets/images/svg/3d-girl-seeting.svg]
[codescandy.com/geeks-bootstrap-5/assets/images/svg/price-icon-1.svg]
[codescandy.com/geeks-bootstrap-5/assets/images/svg/price-icon-2.svg]
[codescandy.com/geeks-bootstrap-5/assets/images/svg/price-icon-3.svg]
[codescandy.com/geeks-bootstrap-5/assets/images/brand/paypal.svg]
[codescandy.com/geeks-bootstrap-5/assets/images/brand/netflix.svg]
[codescandy.com/geeks-bootstrap-5/assets/images/brand/xbox.svg]
[codescandy.com/geeks-bootstrap-5/assets/images/brand/instagram.svg]
[codescandy.com/geeks-bootstrap-5/assets/images/brand/pinterest.svg]
[codescandy.com/geeks-bootstrap-5/assets/images/brand/stripe.svg]
[codescandy.com/geeks-bootstrap-5/assets/images/brand/paypal-small.svg]
[codescandy.com/geeks-bootstrap-5/assets/images/brand/payoneer.svg]
[codescandy.com/geeks-bootstrap-5/assets/images/svg/path-img.svg]
[codescandy.com/geeks-bootstrap-5/assets/images/creditcard/discover.svg]
[codescandy.com/geeks-bootstrap-5/assets/images/creditcard/paypal.svg]
[codescandy.com/geeks-bootstrap-5/assets/images/brand/logo/logo-icon.svg]
[codescandy.com/geeks-bootstrap-5/assets/images/svg/survey-img.svg]
[codescandy.com/geeks-bootstrap-5/docs/environment-setup.html]
[codescandy.com/geeks-bootstrap-5/docs/working-with-gulp.html]
[codescandy.com/geeks-bootstrap-5/docs/compiled-files.html]
[codescandy.com/geeks-bootstrap-5/docs/file-structure.html]
[codescandy.com/geeks-bootstrap-5/docs/resources-assets.html]
[codescandy.com/geeks-bootstrap-5/docs/typography.html]
[codescandy.com/geeks-bootstrap-5/docs/colors.html]
[codescandy.com/geeks-bootstrap-5/docs/shadows.html]
[codescandy.com/geeks-bootstrap-5/docs/icons.html]
[codescandy.com/geeks-bootstrap-5/docs/accordions.html]
[codescandy.com/geeks-bootstrap-5/docs/alerts.html]
[codescandy.com/geeks-bootstrap-5/docs/avatar.html]
[codescandy.com/geeks-bootstrap-5/docs/badge.html]
[codescandy.com/geeks-bootstrap-5/docs/breadcrumb.html]
[codescandy.com/geeks-bootstrap-5/docs/buttons.html]
[codescandy.com/geeks-bootstrap-5/docs/button-group.html]
[codescandy.com/geeks-bootstrap-5/docs/card.html]
[codescandy.com/geeks-bootstrap-5/docs/carousel.html]
[codescandy.com/geeks-bootstrap-5/docs/close-button.html]
[codescandy.com/geeks-bootstrap-5/docs/collapse.html]
[codescandy.com/geeks-bootstrap-5/assets/images/placeholder/placeholder-4by3.svg]
[codescandy.com/geeks-bootstrap-5/docs/dropdowns.html]
[codescandy.com/geeks-bootstrap-5/assets/images/placeholder/4by3.jpg]
[codescandy.com/geeks-bootstrap-5/docs/images.html]
[codescandy.com/geeks-bootstrap-5/docs/list-group.html]
[codescandy.com/geeks-bootstrap-5/docs/modal.html]
[codescandy.com/geeks-bootstrap-5/docs/navs-tabs.html]
[codescandy.com/geeks-bootstrap-5/docs/navbar.html]
[codescandy.com/geeks-bootstrap-5/docs/offcanvas.html]
[codescandy.com/geeks-bootstrap-5/docs/pagination.html]
[codescandy.com/geeks-bootstrap-5/docs/placeholders.html]
[codescandy.com/geeks-bootstrap-5/docs/popovers.html]
[codescandy.com/geeks-bootstrap-5/docs/progress.html]
[codescandy.com/geeks-bootstrap-5/docs/scrollspy.html]
[codescandy.com/geeks-bootstrap-5/docs/spinners.html]
[codescandy.com/geeks-bootstrap-5/docs/tables.html]
[codescandy.com/geeks-bootstrap-5/docs/toasts.html]
[codescandy.com/geeks-bootstrap-5/docs/tooltips.html]
[codescandy.com/geeks-bootstrap-5/docs/forms.html]
[codescandy.com/geeks-bootstrap-5/docs/advance-forms.html]
[codescandy.com/geeks-bootstrap-5/docs/bootstrap-select.html]
[codescandy.com/geeks-bootstrap-5/docs/dropzone.html]
[codescandy.com/geeks-bootstrap-5/docs/flatpickr.html]
[codescandy.com/geeks-bootstrap-5/docs/input-group.html]
[codescandy.com/geeks-bootstrap-5/docs/inputmask.html]
[codescandy.com/geeks-bootstrap-5/docs/quill-editor.html]
[codescandy.com/geeks-bootstrap-5/docs/tagify.html]
[codescandy.com/geeks-bootstrap-5/docs/accordions-snippet.html]
[codescandy.com/geeks-bootstrap-5/docs/blog-single.html]
[codescandy.com/geeks-bootstrap-5/docs/course-path-single.html]
[codescandy.com/assets/images/course/course-javascript.jpg]
[codescandy.com/assets/images/course/course-css.jpg]
[codescandy.com/assets/images/course/course-gatsby.jpg]
[codescandy.com/geeks-bootstrap-5/docs/card-snippet.html]
[codescandy.com/geeks-bootstrap-5/docs/chart.html]
[codescandy.com/geeks-bootstrap-5/docs/client-snippet.html]
[codescandy.com/assets/images/png/cta-instructor-1.png]
[codescandy.com/geeks-bootstrap-5/docs/cta-snippet.html]
[codescandy.com/geeks-bootstrap-5/docs/features-snippet.html]
[codescandy.com/geeks-bootstrap-5/docs/pages/sign-in.html]
[codescandy.com/geeks-bootstrap-5/sign-up.html]
[codescandy.com/assets/images/job/png/job-hero-section.png]
[codescandy.com/assets/images/background/acedamy-img/girl-image.png]
[codescandy.com/geeks-bootstrap-5/docs/hero-snippet.html]
[codescandy.com/geeks-bootstrap-5/docs/image-snippet.html]
[codescandy.com/geeks-bootstrap-5/docs/intigration-snippet.html]
[codescandy.com/geeks-bootstrap-5/docs/pricing.html]
[codescandy.com/geeks-bootstrap-5/docs/reviews.html]
[codescandy.com/geeks-bootstrap-5/docs/slider-snippet.html]
[codescandy.com/geeks-bootstrap-5/docs/stats.html]
[codescandy.com/geeks-bootstrap-5/docs/tables-snippet.html]
[codescandy.com/geeks-bootstrap-5/docs/team-snippet.html]
[codescandy.com/geeks-bootstrap-5/docs/testimonials-snippet.html]
[codescandy.com/geeks-bootstrap-5/docs/user-profile.html]
[codescandy.com/geeks-bootstrap-5/docs/background.html]
[codescandy.com/geeks-bootstrap-5/assets/images/placeholder/placeholder-img.jpg]
[codescandy.com/geeks-bootstrap-5/docs/borders.html]
[codescandy.com/geeks-bootstrap-5/docs/colored-links.html]
[codescandy.com/geeks-bootstrap-5/docs/opacity.html]
[codescandy.com/geeks-bootstrap-5/docs/ratio.html]
[codescandy.com/geeks-bootstrap-5/docs/stacks.html]
[codescandy.com/geeks-bootstrap-5/docs/text-color.html]
[codescandy.com/geeks-bootstrap-5/docs/text.html]
[codescandy.com/geeks-bootstrap-5/docs/text-truncation.html]
[codescandy.com/geeks-bootstrap-5/docs/vertical-rule.html]
[codescandy.com/geeks-bootstrap-5/assets/images/browser-svg/chrome.svg]
[codescandy.com/geeks-bootstrap-5/assets/images/browser-svg/firefox.svg]
[codescandy.com/geeks-bootstrap-5/assets/images/browser-svg/brave.svg]
[codescandy.com/geeks-bootstrap-5/assets/images/browser-svg/safari.svg]
[codescandy.com/geeks-bootstrap-5/assets/images/browser-svg/ie.svg]
[codescandy.com/geeks-bootstrap-5/assets/images/browser-svg/opera.svg]
[codescandy.com/geeks-bootstrap-5/pages/dashboard/ecommerce/admin-dashboard.html]
[codescandy.com/geeks-bootstrap-5/assets/images/svg/payment-logo-fedex.svg]
[codescandy.com/geeks-bootstrap-5/assets/images/svg/payment-logo-dhl.svg]
[codescandy.com/geeks-bootstrap-5/pages/dashboard/mail-draft.html]
[codescandy.com/geeks-bootstrap-5/pages/dashboard/mail-details.html]
[codescandy.com/geeks-bootstrap-5/assets/images/brand/github-logo.svg]
[codescandy.com/geeks-bootstrap-5/assets/images/brand/3dsmax-logo.svg]
[codescandy.com/geeks-bootstrap-5/assets/images/job/job-graphics.svg]
[codescandy.com/geeks-bootstrap-5/assets/images/job/job-training.svg]
[codescandy.com/geeks-bootstrap-5/assets/images/job/health-insurance.svg]
[codescandy.com/geeks-bootstrap-5/assets/images/job/skill-training.svg]
[codescandy.com/geeks-bootstrap-5/assets/images/job/cafeteria.svg]
[codescandy.com/geeks-bootstrap-5/assets/images/job/team-outings.svg]
[codescandy.com/geeks-bootstrap-5/assets/images/job/work-from-home.svg]
[codescandy.com/geeks-bootstrap-5/assets/images/job/free-transport.svg]
[codescandy.com/geeks-bootstrap-5/assets/images/job/education-assistance.svg]
[codescandy.com/geeks-bootstrap-5/assets/images/job/child-care.svg]
[codescandy.com/geeks-bootstrap-5/assets/images/job/gymnasiums.svg]
[codescandy.com/geeks-bootstrap-5/assets/images/job/free-food.svg]
[codescandy.com/geeks-bootstrap-5/assets/images/job/international-relocation.svg]
[codescandy.com/geeks-bootstrap-5/pages/jobs/company-photos-2.html]
[codescandy.com/geeks-bootstrap-5/assets/images/placeholder/placeholder-4by3.svg]
[codescandy.com/geeks-bootstrap-5/docs/blog-single.html]
[codescandy.com/geeks-bootstrap-5/docs/course-path-single.html]
[codescandy.com/assets/images/course/course-javascript.html]
[codescandy.com/assets/images/course/course-css.html]
[codescandy.com/assets/images/course/course-gatsby.html]
[codescandy.com/assets/images/png/cta-instructor-1.html]
[codescandy.com/geeks-bootstrap-5/docs/pages/sign-in.html]
[codescandy.com/geeks-bootstrap-5/sign-up.html]
[codescandy.com/assets/images/job/png/job-hero-section.html]
[codescandy.com/assets/images/background/acedamy-img/girl-image.html]
[codescandy.com/geeks-bootstrap-5/assets/images/svg/draft.svg]
[codescandy.com/geeks-bootstrap-5/assets/images/svg/draft.svg]
